// Jest Snapshot v1, https://goo.gl/fbAQLP

exports[`About matches snapshot 1`] = `
.c0 {
  display: inline-block;
  max-width: 200px;
  width: 100%;
}

<div
  className="cap-lg-49 container"
>
  <div
    className="align-items-center mb-3 mb-sm-5 row"
  >
    <div
      className="mr-md-4 mb-2 mb-sm-0 text-center text-sm-left col-sm-auto col-12"
    >
      <div
        className="c0 image-wrapper"
        width="100%"
      >
        <span
          style={
            {
              "background": "none",
              "border": 0,
              "boxSizing": "border-box",
              "display": "inline-block",
              "height": "initial",
              "margin": 0,
              "maxWidth": "100%",
              "opacity": 1,
              "overflow": "hidden",
              "padding": 0,
              "position": "relative",
              "width": "initial",
            }
          }
        >
          <span
            style={
              {
                "background": "none",
                "border": 0,
                "boxSizing": "border-box",
                "display": "block",
                "height": "initial",
                "margin": 0,
                "maxWidth": "100%",
                "opacity": 1,
                "padding": 0,
                "width": "initial",
              }
            }
          >
            <img
              alt=""
              aria-hidden={true}
              src="data:image/svg+xml,%3csvg%20xmlns=%27http://www.w3.org/2000/svg%27%20version=%271.1%27%20width=%2724%27%20height=%2724%27/%3e"
              style={
                {
                  "background": "none",
                  "border": 0,
                  "display": "block",
                  "height": "initial",
                  "margin": 0,
                  "maxWidth": "100%",
                  "opacity": 1,
                  "padding": 0,
                  "width": "initial",
                }
              }
            />
          </span>
          <img
            alt="Ty hiking in Joshua Tree National Park"
            className="rounded-circle"
            data-nimg="intrinsic"
            decoding="async"
            onError={[Function]}
            onLoad={[Function]}
            src="/_next/image?url=%2Fimg.jpg&w=48&q=75"
            srcSet="/_next/image?url=%2Fimg.jpg&w=32&q=75 1x, /_next/image?url=%2Fimg.jpg&w=48&q=75 2x"
            style={
              {
                "border": "none",
                "bottom": 0,
                "boxSizing": "border-box",
                "display": "block",
                "height": 0,
                "left": 0,
                "margin": "auto",
                "maxHeight": "100%",
                "maxWidth": "100%",
                "minHeight": "100%",
                "minWidth": "100%",
                "objectFit": undefined,
                "objectPosition": undefined,
                "padding": 0,
                "position": "absolute",
                "right": 0,
                "top": 0,
                "width": 0,
              }
            }
          />
        </span>
      </div>
    </div>
    <div
      className="text-center text-sm-left col-sm col-12"
    >
      <div
        className="greeting"
      >
        Hi! I’m Ty.
      </div>
    </div>
  </div>
  <h1
    className="h2"
  >
    Who’s Ty?
  </h1>
  <p>
    By day, I’m a full-stack software developer for
     
    <a
      href="https://faithlife.com/about"
    >
      Faithlife
    </a>
    , but that’s not what this website is about. This site is a space for me both to write about anything on my mind and to have fun experimenting with web tools like React and Next.js.
  </p>
  <p>
    What do I write about? We’ll find out. Once I’ve written more, maybe a few patterns will start to stand out.
  </p>
  <p>
    Other favorite pastimes of mine include hiking, downhill skiing, playing story-driven video games, making homemade ice cream, and… philosophy.
  </p>
  <p>
    Here are a few other places I’ve been known to hang out online, by the way:
  </p>
  <div
    className="d-flex justify-content-center flex-wrap"
    id="social-links"
  >
    <div
      className="p-3"
    >
      <a
        className="github-link d-inline-block"
        href="https://github.com/TyMick"
        title="GitHub"
      >
        <svg
          aria-hidden="true"
          className="svg-inline--fa fa-github fa-w-16 fa-2x "
          data-icon="github"
          data-prefix="fab"
          focusable="false"
          role="img"
          style={{}}
          viewBox="0 0 496 512"
          xmlns="http://www.w3.org/2000/svg"
        >
          <path
            d="M165.9 397.4c0 2-2.3 3.6-5.2 3.6-3.3.3-5.6-1.3-5.6-3.6 0-2 2.3-3.6 5.2-3.6 3-.3 5.6 1.3 5.6 3.6zm-31.1-4.5c-.7 2 1.3 4.3 4.3 4.9 2.6 1 5.6 0 6.2-2s-1.3-4.3-4.3-5.2c-2.6-.7-5.5.3-6.2 2.3zm44.2-1.7c-2.9.7-4.9 2.6-4.6 4.9.3 2 2.9 3.3 5.9 2.6 2.9-.7 4.9-2.6 4.6-4.6-.3-1.9-3-3.2-5.9-2.9zM244.8 8C106.1 8 0 113.3 0 252c0 110.9 69.8 205.8 169.5 239.2 12.8 2.3 17.3-5.6 17.3-12.1 0-6.2-.3-40.4-.3-61.4 0 0-70 15-84.7-29.8 0 0-11.4-29.1-27.8-36.6 0 0-22.9-15.7 1.6-15.4 0 0 24.9 2 38.6 25.8 21.9 38.6 58.6 27.5 72.9 20.9 2.3-16 8.8-27.1 16-33.7-55.9-6.2-112.3-14.3-112.3-110.5 0-27.5 7.6-41.3 23.6-58.9-2.6-6.5-11.1-33.3 2.6-67.9 20.9-6.5 69 27 69 27 20-5.6 41.5-8.5 62.8-8.5s42.8 2.9 62.8 8.5c0 0 48.1-33.6 69-27 13.7 34.7 5.2 61.4 2.6 67.9 16 17.7 25.8 31.5 25.8 58.9 0 96.5-58.9 104.2-114.8 110.5 9.2 7.9 17 22.9 17 46.4 0 33.7-.3 75.4-.3 83.6 0 6.5 4.6 14.4 17.3 12.1C428.2 457.8 496 362.9 496 252 496 113.3 383.5 8 244.8 8zM97.2 352.9c-1.3 1-1 3.3.7 5.2 1.6 1.6 3.9 2.3 5.2 1 1.3-1 1-3.3-.7-5.2-1.6-1.6-3.9-2.3-5.2-1zm-10.8-8.1c-.7 1.3.3 2.9 2.3 3.9 1.6 1 3.6.7 4.3-.7.7-1.3-.3-2.9-2.3-3.9-2-.6-3.6-.3-4.3.7zm32.4 35.6c-1.6 1.3-1 4.3 1.3 6.2 2.3 2.3 5.2 2.6 6.5 1 1.3-1.3.7-4.3-1.3-6.2-2.2-2.3-5.2-2.6-6.5-1zm-11.4-14.7c-1.6 1-1.6 3.6 0 5.9 1.6 2.3 4.3 3.3 5.6 2.3 1.6-1.3 1.6-3.9 0-6.2-1.4-2.3-4-3.3-5.6-2z"
            fill="currentColor"
            style={{}}
          />
        </svg>
      </a>
    </div>
    <div
      className="p-3"
    >
      <a
        className="mastodon-link d-inline-block"
        href="https://mastodon.social/@TyMick"
        title="Mastodon"
      >
        <svg
          aria-hidden="true"
          className="svg-inline--fa fa-mastodon fa-w-14 fa-2x "
          data-icon="mastodon"
          data-prefix="fab"
          focusable="false"
          role="img"
          style={{}}
          viewBox="0 0 448 512"
          xmlns="http://www.w3.org/2000/svg"
        >
          <path
            d="M433 179.11c0-97.2-63.71-125.7-63.71-125.7-62.52-28.7-228.56-28.4-290.48 0 0 0-63.72 28.5-63.72 125.7 0 115.7-6.6 259.4 105.63 289.1 40.51 10.7 75.32 13 103.33 11.4 50.81-2.8 79.32-18.1 79.32-18.1l-1.7-36.9s-36.31 11.4-77.12 10.1c-40.41-1.4-83-4.4-89.63-54a102.54 102.54 0 0 1-.9-13.9c85.63 20.9 158.65 9.1 178.75 6.7 56.12-6.7 105-41.3 111.23-72.9 9.8-49.8 9-121.5 9-121.5zm-75.12 125.2h-46.63v-114.2c0-49.7-64-51.6-64 6.9v62.5h-46.33V197c0-58.5-64-56.6-64-6.9v114.2H90.19c0-122.1-5.2-147.9 18.41-175 25.9-28.9 79.82-30.8 103.83 6.1l11.6 19.5 11.6-19.5c24.11-37.1 78.12-34.8 103.83-6.1 23.71 27.3 18.4 53 18.4 175z"
            fill="currentColor"
            style={{}}
          />
        </svg>
      </a>
    </div>
    <div
      className="p-3"
    >
      <a
        className="twitter-link d-inline-block"
        href="https://twitter.com/tywmick"
        title="Twitter"
      >
        <svg
          aria-hidden="true"
          className="svg-inline--fa fa-twitter fa-w-16 fa-2x "
          data-icon="twitter"
          data-prefix="fab"
          focusable="false"
          role="img"
          style={{}}
          viewBox="0 0 512 512"
          xmlns="http://www.w3.org/2000/svg"
        >
          <path
            d="M459.37 151.716c.325 4.548.325 9.097.325 13.645 0 138.72-105.583 298.558-298.558 298.558-59.452 0-114.68-17.219-161.137-47.106 8.447.974 16.568 1.299 25.34 1.299 49.055 0 94.213-16.568 130.274-44.832-46.132-.975-84.792-31.188-98.112-72.772 6.498.974 12.995 1.624 19.818 1.624 9.421 0 18.843-1.3 27.614-3.573-48.081-9.747-84.143-51.98-84.143-102.985v-1.299c13.969 7.797 30.214 12.67 47.431 13.319-28.264-18.843-46.781-51.005-46.781-87.391 0-19.492 5.197-37.36 14.294-52.954 51.655 63.675 129.3 105.258 216.365 109.807-1.624-7.797-2.599-15.918-2.599-24.04 0-57.828 46.782-104.934 104.934-104.934 30.213 0 57.502 12.67 76.67 33.137 23.715-4.548 46.456-13.32 66.599-25.34-7.798 24.366-24.366 44.833-46.132 57.827 21.117-2.273 41.584-8.122 60.426-16.243-14.292 20.791-32.161 39.308-52.628 54.253z"
            fill="currentColor"
            style={{}}
          />
        </svg>
      </a>
    </div>
    <div
      className="p-3"
    >
      <a
        className="facebook-link d-inline-block"
        href="https://www.facebook.com/tywmick"
        title="Facebook"
      >
        <svg
          aria-hidden="true"
          className="svg-inline--fa fa-facebook fa-w-16 fa-2x "
          data-icon="facebook"
          data-prefix="fab"
          focusable="false"
          role="img"
          style={{}}
          viewBox="0 0 512 512"
          xmlns="http://www.w3.org/2000/svg"
        >
          <path
            d="M504 256C504 119 393 8 256 8S8 119 8 256c0 123.78 90.69 226.38 209.25 245V327.69h-63V256h63v-54.64c0-62.15 37-96.48 93.67-96.48 27.14 0 55.52 4.84 55.52 4.84v61h-31.28c-30.8 0-40.41 19.12-40.41 38.73V256h68.78l-11 71.69h-57.78V501C413.31 482.38 504 379.78 504 256z"
            fill="currentColor"
            style={{}}
          />
        </svg>
      </a>
    </div>
    <div
      className="p-3"
    >
      <a
        className="linkedin-link d-inline-block"
        href="https://www.linkedin.com/in/tymick"
        title="LinkedIn"
      >
        <svg
          aria-hidden="true"
          className="svg-inline--fa fa-linkedin fa-w-14 fa-2x "
          data-icon="linkedin"
          data-prefix="fab"
          focusable="false"
          role="img"
          style={{}}
          viewBox="0 0 448 512"
          xmlns="http://www.w3.org/2000/svg"
        >
          <path
            d="M416 32H31.9C14.3 32 0 46.5 0 64.3v383.4C0 465.5 14.3 480 31.9 480H416c17.6 0 32-14.5 32-32.3V64.3c0-17.8-14.4-32.3-32-32.3zM135.4 416H69V202.2h66.5V416zm-33.2-243c-21.3 0-38.5-17.3-38.5-38.5S80.9 96 102.2 96c21.2 0 38.5 17.3 38.5 38.5 0 21.3-17.2 38.5-38.5 38.5zm282.1 243h-66.4V312c0-24.8-.5-56.7-34.5-56.7-34.6 0-39.9 27-39.9 54.9V416h-66.4V202.2h63.7v29.2h.9c8.9-16.8 30.6-34.5 62.9-34.5 67.2 0 79.7 44.3 79.7 101.9V416z"
            fill="currentColor"
            style={{}}
          />
        </svg>
      </a>
    </div>
    <div
      className="p-3"
    >
      <a
        className="kaggle-link d-inline-block"
        href="https://www.kaggle.com/tywmick"
        title="Kaggle"
      >
        <svg
          aria-hidden="true"
          className="svg-inline--fa fa-kaggle fa-w-10 fa-2x "
          data-icon="kaggle"
          data-prefix="fab"
          focusable="false"
          role="img"
          style={{}}
          viewBox="0 0 320 512"
          xmlns="http://www.w3.org/2000/svg"
        >
          <path
            d="M304.2 501.5L158.4 320.3 298.2 185c2.6-2.7 1.7-10.5-5.3-10.5h-69.2c-3.5 0-7 1.8-10.5 5.3L80.9 313.5V7.5q0-7.5-7.5-7.5H21.5Q14 0 14 7.5v497q0 7.5 7.5 7.5h51.9q7.5 0 7.5-7.5v-109l30.8-29.3 110.5 140.6c3 3.5 6.5 5.3 10.5 5.3h66.9q5.25 0 6-3z"
            fill="currentColor"
            style={{}}
          />
        </svg>
      </a>
    </div>
    <div
      className="p-3"
    >
      <a
        className="npm-link d-inline-block"
        href="https://www.npmjs.com/~tywmick"
        title="npm"
      >
        <svg
          aria-hidden="true"
          className="svg-inline--fa fa-npm fa-w-18 fa-2x "
          data-icon="npm"
          data-prefix="fab"
          focusable="false"
          role="img"
          style={{}}
          viewBox="0 0 576 512"
          xmlns="http://www.w3.org/2000/svg"
        >
          <path
            d="M288 288h-32v-64h32v64zm288-128v192H288v32H160v-32H0V160h576zm-416 32H32v128h64v-96h32v96h32V192zm160 0H192v160h64v-32h64V192zm224 0H352v128h64v-96h32v96h32v-96h32v96h32V192z"
            fill="currentColor"
            style={{}}
          />
        </svg>
      </a>
    </div>
    <div
      className="p-3"
    >
      <a
        className="freecodecamp-link d-inline-block"
        href="https://www.freecodecamp.org/tymick"
        title="freeCodeCamp"
      >
        <svg
          aria-hidden="true"
          className="svg-inline--fa fa-free-code-camp fa-w-18 fa-2x "
          data-icon="free-code-camp"
          data-prefix="fab"
          focusable="false"
          role="img"
          style={{}}
          viewBox="0 0 576 512"
          xmlns="http://www.w3.org/2000/svg"
        >
          <path
            d="M97.22,96.21c10.36-10.65,16-17.12,16-21.9,0-2.76-1.92-5.51-3.83-7.42A14.81,14.81,0,0,0,101,64.05c-8.48,0-20.92,8.79-35.84,25.69C23.68,137,2.51,182.81,3.37,250.34s17.47,117,54.06,161.87C76.22,435.86,90.62,448,100.9,448a13.55,13.55,0,0,0,8.37-3.84c1.91-2.76,3.81-5.63,3.81-8.38,0-5.63-3.86-12.2-13.2-20.55-44.45-42.33-67.32-97-67.48-165C32.25,188.8,54,137.83,97.22,96.21ZM239.47,420.07c.58.37.91.55.91.55Zm93.79.55.17-.13C333.24,420.62,333.17,420.67,333.26,420.62Zm3.13-158.18c-16.24-4.15,50.41-82.89-68.05-177.17,0,0,15.54,49.38-62.83,159.57-74.27,104.35,23.46,168.73,34,175.23-6.73-4.35-47.4-35.7,9.55-128.64,11-18.3,25.53-34.87,43.5-72.16,0,0,15.91,22.45,7.6,71.13C287.7,364,354,342.91,355,343.94c22.75,26.78-17.72,73.51-21.58,76.55,5.49-3.65,117.71-78,33-188.1C360.43,238.4,352.62,266.59,336.39,262.44ZM510.88,89.69C496,72.79,483.52,64,475,64a14.81,14.81,0,0,0-8.39,2.84c-1.91,1.91-3.83,4.66-3.83,7.42,0,4.78,5.6,11.26,16,21.9,43.23,41.61,65,92.59,64.82,154.06-.16,68-23,122.63-67.48,165-9.34,8.35-13.18,14.92-13.2,20.55,0,2.75,1.9,5.62,3.81,8.38A13.61,13.61,0,0,0,475.1,448c10.28,0,24.68-12.13,43.47-35.79,36.59-44.85,53.14-94.38,54.06-161.87S552.32,137,510.88,89.69Z"
            fill="currentColor"
            style={{}}
          />
        </svg>
      </a>
    </div>
    <div
      className="p-3"
    >
      <a
        className="codepen-link d-inline-block"
        href="https://codepen.io/TyMick"
        title="CodePen"
      >
        <svg
          aria-hidden="true"
          className="svg-inline--fa fa-codepen fa-w-16 fa-2x "
          data-icon="codepen"
          data-prefix="fab"
          focusable="false"
          role="img"
          style={{}}
          viewBox="0 0 512 512"
          xmlns="http://www.w3.org/2000/svg"
        >
          <path
            d="M502.285 159.704l-234-156c-7.987-4.915-16.511-4.96-24.571 0l-234 156C3.714 163.703 0 170.847 0 177.989v155.999c0 7.143 3.714 14.286 9.715 18.286l234 156.022c7.987 4.915 16.511 4.96 24.571 0l234-156.022c6-3.999 9.715-11.143 9.715-18.286V177.989c-.001-7.142-3.715-14.286-9.716-18.285zM278 63.131l172.286 114.858-76.857 51.429L278 165.703V63.131zm-44 0v102.572l-95.429 63.715-76.857-51.429L234 63.131zM44 219.132l55.143 36.857L44 292.846v-73.714zm190 229.715L61.714 333.989l76.857-51.429L234 346.275v102.572zm22-140.858l-77.715-52 77.715-52 77.715 52-77.715 52zm22 140.858V346.275l95.429-63.715 76.857 51.429L278 448.847zm190-156.001l-55.143-36.857L468 219.132v73.714z"
            fill="currentColor"
            style={{}}
          />
        </svg>
      </a>
    </div>
    <div
      className="p-3"
    >
      <a
        className="gitlab-link d-inline-block"
        href="https://gitlab.com/TyMick"
        title="GitLab"
      >
        <svg
          aria-hidden="true"
          className="svg-inline--fa fa-gitlab fa-w-16 fa-2x "
          data-icon="gitlab"
          data-prefix="fab"
          focusable="false"
          role="img"
          style={{}}
          viewBox="0 0 512 512"
          xmlns="http://www.w3.org/2000/svg"
        >
          <path
            d="M105.2 24.9c-3.1-8.9-15.7-8.9-18.9 0L29.8 199.7h132c-.1 0-56.6-174.8-56.6-174.8zM.9 287.7c-2.6 8 .3 16.9 7.1 22l247.9 184-226.2-294zm160.8-88l94.3 294 94.3-294zm349.4 88l-28.8-88-226.3 294 247.9-184c6.9-5.1 9.7-14 7.2-22zM425.7 24.9c-3.1-8.9-15.7-8.9-18.9 0l-56.6 174.8h132z"
            fill="currentColor"
            style={{}}
          />
        </svg>
      </a>
    </div>
    <div
      className="p-3"
    >
      <a
        className="instagram-link d-inline-block"
        href="https://instagram.com/tywmick"
        title="Instagram"
      >
        <svg
          aria-hidden="true"
          className="svg-inline--fa fa-instagram fa-w-14 fa-2x "
          data-icon="instagram"
          data-prefix="fab"
          focusable="false"
          role="img"
          style={{}}
          viewBox="0 0 448 512"
          xmlns="http://www.w3.org/2000/svg"
        >
          <path
            d="M224.1 141c-63.6 0-114.9 51.3-114.9 114.9s51.3 114.9 114.9 114.9S339 319.5 339 255.9 287.7 141 224.1 141zm0 189.6c-41.1 0-74.7-33.5-74.7-74.7s33.5-74.7 74.7-74.7 74.7 33.5 74.7 74.7-33.6 74.7-74.7 74.7zm146.4-194.3c0 14.9-12 26.8-26.8 26.8-14.9 0-26.8-12-26.8-26.8s12-26.8 26.8-26.8 26.8 12 26.8 26.8zm76.1 27.2c-1.7-35.9-9.9-67.7-36.2-93.9-26.2-26.2-58-34.4-93.9-36.2-37-2.1-147.9-2.1-184.9 0-35.8 1.7-67.6 9.9-93.9 36.1s-34.4 58-36.2 93.9c-2.1 37-2.1 147.9 0 184.9 1.7 35.9 9.9 67.7 36.2 93.9s58 34.4 93.9 36.2c37 2.1 147.9 2.1 184.9 0 35.9-1.7 67.7-9.9 93.9-36.2 26.2-26.2 34.4-58 36.2-93.9 2.1-37 2.1-147.8 0-184.8zM398.8 388c-7.8 19.6-22.9 34.7-42.6 42.6-29.5 11.7-99.5 9-132.1 9s-102.7 2.6-132.1-9c-19.6-7.8-34.7-22.9-42.6-42.6-11.7-29.5-9-99.5-9-132.1s-2.6-102.7 9-132.1c7.8-19.6 22.9-34.7 42.6-42.6 29.5-11.7 99.5-9 132.1-9s102.7-2.6 132.1 9c19.6 7.8 34.7 22.9 42.6 42.6 11.7 29.5 9 99.5 9 132.1s2.7 102.7-9 132.1z"
            fill="currentColor"
            style={{}}
          />
        </svg>
      </a>
    </div>
    <div
      className="p-3"
    >
      <a
        className="discord-link d-inline-block"
        onBlur={[Function]}
        onClick={[Function]}
        onFocus={[Function]}
        onMouseEnter={[Function]}
        onMouseLeave={[Function]}
        style={
          {
            "cursor": "pointer",
          }
        }
        tabIndex={0}
        title="Discord"
      >
        <svg
          aria-hidden="true"
          className="svg-inline--fa fa-discord fa-w-20 fa-2x "
          data-icon="discord"
          data-prefix="fab"
          focusable="false"
          role="img"
          style={{}}
          viewBox="0 0 640 512"
          xmlns="http://www.w3.org/2000/svg"
        >
          <path
            d="M524.531,69.836a1.5,1.5,0,0,0-.764-.7A485.065,485.065,0,0,0,404.081,32.03a1.816,1.816,0,0,0-1.923.91,337.461,337.461,0,0,0-14.9,30.6,447.848,447.848,0,0,0-134.426,0,309.541,309.541,0,0,0-15.135-30.6,1.89,1.89,0,0,0-1.924-.91A483.689,483.689,0,0,0,116.085,69.137a1.712,1.712,0,0,0-.788.676C39.068,183.651,18.186,294.69,28.43,404.354a2.016,2.016,0,0,0,.765,1.375A487.666,487.666,0,0,0,176.02,479.918a1.9,1.9,0,0,0,2.063-.676A348.2,348.2,0,0,0,208.12,430.4a1.86,1.86,0,0,0-1.019-2.588,321.173,321.173,0,0,1-45.868-21.853,1.885,1.885,0,0,1-.185-3.126c3.082-2.309,6.166-4.711,9.109-7.137a1.819,1.819,0,0,1,1.9-.256c96.229,43.917,200.41,43.917,295.5,0a1.812,1.812,0,0,1,1.924.233c2.944,2.426,6.027,4.851,9.132,7.16a1.884,1.884,0,0,1-.162,3.126,301.407,301.407,0,0,1-45.89,21.83,1.875,1.875,0,0,0-1,2.611,391.055,391.055,0,0,0,30.014,48.815,1.864,1.864,0,0,0,2.063.7A486.048,486.048,0,0,0,610.7,405.729a1.882,1.882,0,0,0,.765-1.352C623.729,277.594,590.933,167.465,524.531,69.836ZM222.491,337.58c-28.972,0-52.844-26.587-52.844-59.239S193.056,219.1,222.491,219.1c29.665,0,53.306,26.82,52.843,59.239C275.334,310.993,251.924,337.58,222.491,337.58Zm195.38,0c-28.971,0-52.843-26.587-52.843-59.239S388.437,219.1,417.871,219.1c29.667,0,53.307,26.82,52.844,59.239C470.715,310.993,447.538,337.58,417.871,337.58Z"
            fill="currentColor"
            style={{}}
          />
        </svg>
      </a>
    </div>
    <div
      className="p-3"
    >
      <a
        className="spotify-link d-inline-block"
        href="https://open.spotify.com/user/tywmick"
        title="Spotify"
      >
        <svg
          aria-hidden="true"
          className="svg-inline--fa fa-spotify fa-w-16 fa-2x "
          data-icon="spotify"
          data-prefix="fab"
          focusable="false"
          role="img"
          style={{}}
          viewBox="0 0 496 512"
          xmlns="http://www.w3.org/2000/svg"
        >
          <path
            d="M248 8C111.1 8 0 119.1 0 256s111.1 248 248 248 248-111.1 248-248S384.9 8 248 8zm100.7 364.9c-4.2 0-6.8-1.3-10.7-3.6-62.4-37.6-135-39.2-206.7-24.5-3.9 1-9 2.6-11.9 2.6-9.7 0-15.8-7.7-15.8-15.8 0-10.3 6.1-15.2 13.6-16.8 81.9-18.1 165.6-16.5 237 26.2 6.1 3.9 9.7 7.4 9.7 16.5s-7.1 15.4-15.2 15.4zm26.9-65.6c-5.2 0-8.7-2.3-12.3-4.2-62.5-37-155.7-51.9-238.6-29.4-4.8 1.3-7.4 2.6-11.9 2.6-10.7 0-19.4-8.7-19.4-19.4s5.2-17.8 15.5-20.7c27.8-7.8 56.2-13.6 97.8-13.6 64.9 0 127.6 16.1 177 45.5 8.1 4.8 11.3 11 11.3 19.7-.1 10.8-8.5 19.5-19.4 19.5zm31-76.2c-5.2 0-8.4-1.3-12.9-3.9-71.2-42.5-198.5-52.7-280.9-29.7-3.6 1-8.1 2.6-12.9 2.6-13.2 0-23.3-10.3-23.3-23.6 0-13.6 8.4-21.3 17.4-23.9 35.2-10.3 74.6-15.2 117.5-15.2 73 0 149.5 15.2 205.4 47.8 7.8 4.5 12.9 10.7 12.9 22.6 0 13.6-11 23.3-23.2 23.3z"
            fill="currentColor"
            style={{}}
          />
        </svg>
      </a>
    </div>
    <div
      className="p-3"
    >
      <a
        className="medium-link d-inline-block"
        href="https://medium.com/@TyMick"
        title="Medium"
      >
        <svg
          aria-hidden="true"
          className="svg-inline--fa fa-medium-m fa-w-16 fa-2x "
          data-icon="medium-m"
          data-prefix="fab"
          focusable="false"
          role="img"
          style={{}}
          viewBox="0 0 512 512"
          xmlns="http://www.w3.org/2000/svg"
        >
          <path
            d="M71.5 142.3c.6-5.9-1.7-11.8-6.1-15.8L20.3 72.1V64h140.2l108.4 237.7L364.2 64h133.7v8.1l-38.6 37c-3.3 2.5-5 6.7-4.3 10.8v272c-.7 4.1 1 8.3 4.3 10.8l37.7 37v8.1H307.3v-8.1l39.1-37.9c3.8-3.8 3.8-5 3.8-10.8V171.2L241.5 447.1h-14.7L100.4 171.2v184.9c-1.1 7.8 1.5 15.6 7 21.2l50.8 61.6v8.1h-144v-8L65 377.3c5.4-5.6 7.9-13.5 6.5-21.2V142.3z"
            fill="currentColor"
            style={{}}
          />
        </svg>
      </a>
    </div>
    <div
      className="p-3"
    >
      <a
        className="dev-link d-inline-block"
        href="https://dev.to/tymick"
        title="DEV"
      >
        <svg
          aria-hidden="true"
          className="svg-inline--fa fa-dev fa-w-14 fa-2x "
          data-icon="dev"
          data-prefix="fab"
          focusable="false"
          role="img"
          style={{}}
          viewBox="0 0 448 512"
          xmlns="http://www.w3.org/2000/svg"
        >
          <path
            d="M120.12 208.29c-3.88-2.9-7.77-4.35-11.65-4.35H91.03v104.47h17.45c3.88 0 7.77-1.45 11.65-4.35 3.88-2.9 5.82-7.25 5.82-13.06v-69.65c-.01-5.8-1.96-10.16-5.83-13.06zM404.1 32H43.9C19.7 32 .06 51.59 0 75.8v360.4C.06 460.41 19.7 480 43.9 480h360.2c24.21 0 43.84-19.59 43.9-43.8V75.8c-.06-24.21-19.7-43.8-43.9-43.8zM154.2 291.19c0 18.81-11.61 47.31-48.36 47.25h-46.4V172.98h47.38c35.44 0 47.36 28.46 47.37 47.28l.01 70.93zm100.68-88.66H201.6v38.42h32.57v29.57H201.6v38.41h53.29v29.57h-62.18c-11.16.29-20.44-8.53-20.72-19.69V193.7c-.27-11.15 8.56-20.41 19.71-20.69h63.19l-.01 29.52zm103.64 115.29c-13.2 30.75-36.85 24.63-47.44 0l-38.53-144.8h32.57l29.71 113.72 29.57-113.72h32.58l-38.46 144.8z"
            fill="currentColor"
            style={{}}
          />
        </svg>
      </a>
    </div>
    <div
      className="p-3"
    >
      <a
        className="stack-exchange-link d-inline-block"
        href="https://stackexchange.com/users/3957560/ty-mick?tab=accounts"
        title="Stack Exchange"
      >
        <svg
          aria-hidden="true"
          className="svg-inline--fa fa-stack-exchange fa-w-14 fa-2x "
          data-icon="stack-exchange"
          data-prefix="fab"
          focusable="false"
          role="img"
          style={{}}
          viewBox="0 0 448 512"
          xmlns="http://www.w3.org/2000/svg"
        >
          <path
            d="M17.7 332.3h412.7v22c0 37.7-29.3 68-65.3 68h-19L259.3 512v-89.7H83c-36 0-65.3-30.3-65.3-68v-22zm0-23.6h412.7v-85H17.7v85zm0-109.4h412.7v-85H17.7v85zM365 0H83C47 0 17.7 30.3 17.7 67.7V90h412.7V67.7C430.3 30.3 401 0 365 0z"
            fill="currentColor"
            style={{}}
          />
        </svg>
      </a>
    </div>
    <div
      className="p-3"
    >
      <a
        className="wikipedia-link d-inline-block"
        href="https://en.wikipedia.org/wiki/User:TyWMick"
        title="Wikipedia"
      >
        <svg
          aria-hidden="true"
          className="svg-inline--fa fa-wikipedia-w fa-w-20 fa-2x "
          data-icon="wikipedia-w"
          data-prefix="fab"
          focusable="false"
          role="img"
          style={{}}
          viewBox="0 0 640 512"
          xmlns="http://www.w3.org/2000/svg"
        >
          <path
            d="M640 51.2l-.3 12.2c-28.1.8-45 15.8-55.8 40.3-25 57.8-103.3 240-155.3 358.6H415l-81.9-193.1c-32.5 63.6-68.3 130-99.2 193.1-.3.3-15 0-15-.3C172 352.3 122.8 243.4 75.8 133.4 64.4 106.7 26.4 63.4.2 63.7c0-3.1-.3-10-.3-14.2h161.9v13.9c-19.2 1.1-52.8 13.3-43.3 34.2 21.9 49.7 103.6 240.3 125.6 288.6 15-29.7 57.8-109.2 75.3-142.8-13.9-28.3-58.6-133.9-72.8-160-9.7-17.8-36.1-19.4-55.8-19.7V49.8l142.5.3v13.1c-19.4.6-38.1 7.8-29.4 26.1 18.9 40 30.6 68.1 48.1 104.7 5.6-10.8 34.7-69.4 48.1-100.8 8.9-20.6-3.9-28.6-38.6-29.4.3-3.6 0-10.3.3-13.6 44.4-.3 111.1-.3 123.1-.6v13.6c-22.5.8-45.8 12.8-58.1 31.7l-59.2 122.8c6.4 16.1 63.3 142.8 69.2 156.7L559.2 91.8c-8.6-23.1-36.4-28.1-47.2-28.3V49.6l127.8 1.1.2.5z"
            fill="currentColor"
            style={{}}
          />
        </svg>
      </a>
    </div>
    <div
      className="p-3"
    >
      <a
        className="youtube-link d-inline-block"
        href="https://www.youtube.com/TylerWestinMick"
        title="YouTube"
      >
        <svg
          aria-hidden="true"
          className="svg-inline--fa fa-youtube fa-w-18 fa-2x "
          data-icon="youtube"
          data-prefix="fab"
          focusable="false"
          role="img"
          style={{}}
          viewBox="0 0 576 512"
          xmlns="http://www.w3.org/2000/svg"
        >
          <path
            d="M549.655 124.083c-6.281-23.65-24.787-42.276-48.284-48.597C458.781 64 288 64 288 64S117.22 64 74.629 75.486c-23.497 6.322-42.003 24.947-48.284 48.597-11.412 42.867-11.412 132.305-11.412 132.305s0 89.438 11.412 132.305c6.281 23.65 24.787 41.5 48.284 47.821C117.22 448 288 448 288 448s170.78 0 213.371-11.486c23.497-6.321 42.003-24.171 48.284-47.821 11.412-42.867 11.412-132.305 11.412-132.305s0-89.438-11.412-132.305zm-317.51 213.508V175.185l142.739 81.205-142.739 81.201z"
            fill="currentColor"
            style={{}}
          />
        </svg>
      </a>
    </div>
    <div
      className="p-3"
    >
      <a
        className="paypal-link d-inline-block"
        href="https://www.paypal.me/tymick"
        title="PayPal"
      >
        <svg
          aria-hidden="true"
          className="svg-inline--fa fa-paypal fa-w-12 fa-2x "
          data-icon="paypal"
          data-prefix="fab"
          focusable="false"
          role="img"
          style={{}}
          viewBox="0 0 384 512"
          xmlns="http://www.w3.org/2000/svg"
        >
          <path
            d="M111.4 295.9c-3.5 19.2-17.4 108.7-21.5 134-.3 1.8-1 2.5-3 2.5H12.3c-7.6 0-13.1-6.6-12.1-13.9L58.8 46.6c1.5-9.6 10.1-16.9 20-16.9 152.3 0 165.1-3.7 204 11.4 60.1 23.3 65.6 79.5 44 140.3-21.5 62.6-72.5 89.5-140.1 90.3-43.4.7-69.5-7-75.3 24.2zM357.1 152c-1.8-1.3-2.5-1.8-3 1.3-2 11.4-5.1 22.5-8.8 33.6-39.9 113.8-150.5 103.9-204.5 103.9-6.1 0-10.1 3.3-10.9 9.4-22.6 140.4-27.1 169.7-27.1 169.7-1 7.1 3.5 12.9 10.6 12.9h63.5c8.6 0 15.7-6.3 17.4-14.9.7-5.4-1.1 6.1 14.4-91.3 4.6-22 14.3-19.7 29.3-19.7 71 0 126.4-28.8 142.9-112.3 6.5-34.8 4.6-71.4-23.8-92.6z"
            fill="currentColor"
            style={{}}
          />
        </svg>
      </a>
    </div>
  </div>
</div>
`;
